   Compiling devvani-codegen v0.1.0 (/mnt/c/Users/Rishi/Desktop/GV/Adipragya corporation/Devvani/crates/devvani-codegen)
warning: unused variable: `generic_params`
    --> crates/devvani-codegen/src/lib.rs:1319:25
     |
1319 |                     let generic_params: Vec<String> = angas.iter()
     |                         ^^^^^^^^^^^^^^ help: if this is intentional, prefix it with an underscore: `_generic_params`
     |
     = note: `#[warn(unused_variables)]` (part of `#[warn(unused)]`) on by default

   Compiling devvani-compiler v0.1.0 (/mnt/c/Users/Rishi/Desktop/GV/Adipragya corporation/Devvani/crates/devvani-compiler)
warning: `devvani-codegen` (lib) generated 1 warning (run `cargo fix --lib -p devvani-codegen` to apply 1 suggestion)
   Compiling devvani-cli v0.1.0 (/mnt/c/Users/Rishi/Desktop/GV/Adipragya corporation/Devvani/crates/devvani-cli)
    Finished `dev` profile [unoptimized + debuginfo] target(s) in 38.73s
